
There are no discarded input sections

Memory Configuration

Name             Origin             Length             Attributes
FLASH            0x08000000         0x00080000         xr
RAM              0x20000000         0x00018000         xrw
*default*        0x00000000         0xffffffff

Linker script and memory map

                0x20018000                        _estack = (ORIGIN (RAM) + LENGTH (RAM))
                0x00000200                        min_heap_size = 0x200
                0x00000400                        min_stack_size = 0x400

.isr_vector     0x08000000      0x194
                0x08000000                        . = ALIGN (0x4)
 *(.isr_vector)
 .isr_vector    0x08000000      0x194 bin/startup.o
                0x08000000                g_pfnVectors
                0x08000194                        . = ALIGN (0x4)

.text           0x080001a0      0x154
                0x080001a0                        . = ALIGN (0x4)
 *(.text)
 .text          0x080001a0        0x0 bin/firmware.o
 .text          0x080001a0        0x0 bin/startup.o
 .text          0x080001a0        0x0 bin/sysconf.o
 *(.text.default_handler)
 .text.default_handler
                0x080001a0        0x4 bin/startup.o
                0x080001a0                RTC_Alarm_IRQHandler
                0x080001a0                EXTI2_IRQHandler
                0x080001a0                DebugMon_Handler
                0x080001a0                SPI4_IRQHandler
                0x080001a0                TIM1_CC_IRQHandler
                0x080001a0                DMA2_Stream5_IRQHandler
                0x080001a0                HardFault_Handler
                0x080001a0                DMA1_Stream5_IRQHandler
                0x080001a0                SysTick_Handler
                0x080001a0                PVD_IRQHandler
                0x080001a0                SDIO_IRQHandler
                0x080001a0                TAMP_STAMP_IRQHandler
                0x080001a0                PendSV_Handler
                0x080001a0                NMI_Handler
                0x080001a0                EXTI3_IRQHandler
                0x080001a0                TIM1_UP_TIM10_IRQHandler
                0x080001a0                I2C3_ER_IRQHandler
                0x080001a0                EXTI0_IRQHandler
                0x080001a0                I2C2_EV_IRQHandler
                0x080001a0                DMA1_Stream2_IRQHandler
                0x080001a0                FPU_IRQHandler
                0x080001a0                UsageFault_Handler
                0x080001a0                DMA2_Stream2_IRQHandler
                0x080001a0                SPI1_IRQHandler
                0x080001a0                TIM1_BRK_TIM9_IRQHandler
                0x080001a0                DMA2_Stream3_IRQHandler
                0x080001a0                default_handler
                0x080001a0                USART6_IRQHandler
                0x080001a0                DMA2_Stream0_IRQHandler
                0x080001a0                TIM4_IRQHandler
                0x080001a0                I2C1_EV_IRQHandler
                0x080001a0                DMA1_Stream6_IRQHandler
                0x080001a0                DMA1_Stream1_IRQHandler
                0x080001a0                TIM3_IRQHandler
                0x080001a0                RCC_IRQHandler
                0x080001a0                EXTI15_10_IRQHandler
                0x080001a0                ADC_IRQHandler
                0x080001a0                DMA1_Stream7_IRQHandler
                0x080001a0                TIM5_IRQHandler
                0x080001a0                DMA2_Stream7_IRQHandler
                0x080001a0                I2C3_EV_IRQHandler
                0x080001a0                EXTI9_5_IRQHandler
                0x080001a0                RTC_WKUP_IRQHandler
                0x080001a0                SPI2_IRQHandler
                0x080001a0                MemManage_Handler
                0x080001a0                DMA1_Stream0_IRQHandler
                0x080001a0                SVC_Handler
                0x080001a0                EXTI4_IRQHandler
                0x080001a0                WWDG_IRQHandler
                0x080001a0                TIM2_IRQHandler
                0x080001a0                OTG_FS_WKUP_IRQHandler
                0x080001a0                TIM1_TRG_COM_TIM11_IRQHandler
                0x080001a0                EXTI1_IRQHandler
                0x080001a0                USART2_IRQHandler
                0x080001a0                I2C2_ER_IRQHandler
                0x080001a0                DMA2_Stream1_IRQHandler
                0x080001a0                FLASH_IRQHandler
                0x080001a0                DMA2_Stream4_IRQHandler
                0x080001a0                BusFault_Handler
                0x080001a0                USART1_IRQHandler
                0x080001a0                OTG_FS_IRQHandler
                0x080001a0                SPI3_IRQHandler
                0x080001a0                DMA1_Stream4_IRQHandler
                0x080001a0                I2C1_ER_IRQHandler
                0x080001a0                DMA2_Stream6_IRQHandler
                0x080001a0                DMA1_Stream3_IRQHandler
 *(.text.reset_handler)
 *fill*         0x080001a4        0xc 
 .text.reset_handler
                0x080001b0       0x58 bin/startup.o
                0x080001b0                reset_handler
 *fill*         0x08000208        0x8 
 .text.reset_handler
                0x08000210       0x6c bin/sysconf.o
                0x08000210                sys_init
 *(.text.periph_config)
 *fill*         0x0800027c        0x4 
 .text.periph_config
                0x08000280       0x3c bin/sysconf.o
                0x08000280                gpioA_config
 *(.text.firmware)
 .text.firmware
                0x080002bc       0x38 bin/firmware.o
                0x080002bc                _start
 *(.glue_7)
 .glue_7        0x080002f4        0x0 linker stubs
 *(.glue_7t)
 .glue_7t       0x080002f4        0x0 linker stubs
 *(.eh_frame)
                0x080002f4                        . = ALIGN (0x4)

.vfp11_veneer   0x080002f4        0x0
 .vfp11_veneer  0x080002f4        0x0 linker stubs

.v4_bx          0x080002f4        0x0
 .v4_bx         0x080002f4        0x0 linker stubs

.iplt           0x080002f4        0x0
 .iplt          0x080002f4        0x0 bin/firmware.o

.rodata         0x08000300       0x14
                0x08000300                        . = ALIGN (0x4)
 *(.rodata)
 .rodata        0x08000300        0x0 bin/firmware.o
 .rodata        0x08000300       0x14 bin/startup.o
 .rodata        0x08000314        0x0 bin/sysconf.o
 *(.rodata*)
                0x08000314                        . = ALIGN (0x4)

.rel.dyn        0x08000314        0x0
 .rel.iplt      0x08000314        0x0 bin/firmware.o

.ARM            0x08000314        0x0
                0x08000314                        . = ALIGN (0x4)
                0x08000314                        __exidx_start = .
 *(.ARM.exidx*)
                0x08000314                        __exidx_end = .
                0x08000314                        . = ALIGN (0x4)
                0x08000314                        _sidata = LOADADDR (.data)

.data           0x20000000        0x0 load address 0x08000314
                0x20000000                        . = ALIGN (0x4)
                0x20000000                        _sdata = .
 *(.data)
 .data          0x20000000        0x0 bin/firmware.o
 .data          0x20000000        0x0 bin/startup.o
 .data          0x20000000        0x0 bin/sysconf.o
 *(.data*)
                0x20000000                        . = ALIGN (0x4)
                0x20000000                        _edata = .

.igot.plt       0x20000000        0x0 load address 0x08000314
 .igot.plt      0x20000000        0x0 bin/firmware.o

.bss            0x20000000        0x0 load address 0x08000314
                0x20000000                        . = ALIGN (0x4)
                0x20000000                        _sbss = .
 *(.bss*)
 .bss           0x20000000        0x0 bin/firmware.o
 .bss           0x20000000        0x0 bin/startup.o
 .bss           0x20000000        0x0 bin/sysconf.o
 *(COMMON)
                0x20000000                        . = ALIGN (0x4)
                0x20000000                        _ebss = .

.user_heap      0x20000000      0x200 load address 0x08000314
                0x20000000                        . = ALIGN (0x8)
                [!provide]                        PROVIDE (end = .)
                [!provide]                        PROVIDE (_end = .)
                0x20000200                        . = (. + min_heap_size)
 *fill*         0x20000000      0x200 
                0x20000200                        . = ALIGN (0x8)

.user_stack     0x20000200      0x400 load address 0x08000314
                0x20000200                        . = ALIGN (0x8)
                0x20000600                        . = (. + min_stack_size)
 *fill*         0x20000200      0x400 
                0x20000600                        . = ALIGN (0x8)
                0x00000001                        ASSERT ((_estack >= .), Not enough memory)

.ARM.attributes
                0x00000000       0x25
 *(.ARM.attributes)
 .ARM.attributes
                0x00000000       0x21 bin/firmware.o
 .ARM.attributes
                0x00000021       0x25 bin/startup.o
 .ARM.attributes
                0x00000046       0x21 bin/sysconf.o
LOAD bin/firmware.o
LOAD bin/startup.o
LOAD bin/sysconf.o
OUTPUT(bin/firmware.elf elf32-littlearm)
LOAD linker stubs

.debug_line     0x00000000      0x14d
 .debug_line    0x00000000       0x50 bin/firmware.o
 .debug_line    0x00000050       0x67 bin/startup.o
 .debug_line    0x000000b7       0x96 bin/sysconf.o

.debug_info     0x00000000       0x79
 .debug_info    0x00000000       0x26 bin/firmware.o
 .debug_info    0x00000026       0x31 bin/startup.o
 .debug_info    0x00000057       0x22 bin/sysconf.o

.debug_abbrev   0x00000000       0x45
 .debug_abbrev  0x00000000       0x14 bin/firmware.o
 .debug_abbrev  0x00000014       0x1f bin/startup.o
 .debug_abbrev  0x00000033       0x12 bin/sysconf.o

.debug_aranges  0x00000000       0x70
 .debug_aranges
                0x00000000       0x20 bin/firmware.o
 .debug_aranges
                0x00000020       0x28 bin/startup.o
 .debug_aranges
                0x00000048       0x28 bin/sysconf.o

.debug_str      0x00000000       0x75
 .debug_str     0x00000000       0x75 bin/firmware.o
                                 0x4b (size before relaxing)
 .debug_str     0x00000075       0x58 bin/startup.o
 .debug_str     0x00000075       0x4a bin/sysconf.o

.debug_ranges   0x00000000       0x40
 .debug_ranges  0x00000000       0x20 bin/startup.o
 .debug_ranges  0x00000020       0x20 bin/sysconf.o
